[debug] [2026-09-16T04:45:54.790Z] ----------------------------------------------------------------------
[debug] [2026-09-16T04:45:54.797Z] Command:       /data/data/com.termux/files/usr/bin/node /data/data/com.termux/files/usr/bin/firebase init
[debug] [2026-09-16T04:45:54.797Z] CLI Version:   15.30.1
[debug] [2026-09-16T04:45:54.798Z] Platform:      android
[debug] [2026-09-16T04:45:54.798Z] Node Version:  v24.18.0
[debug] [2026-09-16T04:45:54.799Z] Detected Agent: unknown
[debug] [2026-09-16T04:45:54.799Z] Time:          Wed Sep 16 2026 10:15:54 GMT+0530 (India Standard Time)
[debug] [2026-09-16T04:45:54.799Z] ----------------------------------------------------------------------
[debug] 
[info] 
     ######## #### ########  ######## ########     ###     ######  ########
     ##        ##  ##     ## ##       ##     ##  ##   ##  ##       ##
     ######    ##  ########  ######   ########  #########  ######  ######
     ##        ##  ##    ##  ##       ##     ## ##     ##       ## ##
     ##       #### ##     ## ######## ########  ##     ##  ######  ########

You're about to initialize a Firebase project in this directory:

  /storage/emulated/0/SSC-COURSE

Before we get started, keep in mind:

  * You are currently outside your home directory

[info] 
=== Project Setup
[info] 
[info] First, let's associate this project directory with a Firebase project.
[info] You can create multiple project aliases by running firebase use --add, 
[info] 
[debug] [2026-09-16T04:49:30.628Z] > command requires scopes: ["email","openid","https://www.googleapis.com/auth/cloudplatformprojects.readonly","https://www.googleapis.com/auth/firebase","https://www.googleapis.com/auth/cloud-platform"]
[debug] [2026-09-16T04:49:30.631Z] > authorizing via signed-in user (ranjanmishra90263543@gmail.com)
[debug] [2026-09-16T04:49:30.723Z] Checked if tokens are valid: true, expires at: 1789537340077
[debug] [2026-09-16T04:49:30.723Z] Checked if tokens are valid: true, expires at: 1789537340077
[debug] [2026-09-16T04:49:30.729Z] >>> [apiv2][query] GET https://firebase.googleapis.com/v1beta1/projects pageSize=100
[debug] [2026-09-16T04:49:31.723Z] <<< [apiv2][status] GET https://firebase.googleapis.com/v1beta1/projects 200
[debug] [2026-09-16T04:49:31.723Z] <<< [apiv2][body] GET https://firebase.googleapis.com/v1beta1/projects [omitted]
[info] 
=== Functions Setup
[debug] [2026-09-16T04:50:10.205Z] > command requires scopes: ["email","openid","https://www.googleapis.com/auth/cloudplatformprojects.readonly","https://www.googleapis.com/auth/firebase","https://www.googleapis.com/auth/cloud-platform"]
[debug] [2026-09-16T04:50:10.206Z] > authorizing via signed-in user (ranjanmishra90263543@gmail.com)
[debug] [2026-09-16T04:50:10.211Z] [iam] checking project ssc-courses for permissions ["firebase.projects.get"]
[debug] [2026-09-16T04:50:10.213Z] Checked if tokens are valid: true, expires at: 1789537340077
[debug] [2026-09-16T04:50:10.213Z] Checked if tokens are valid: true, expires at: 1789537340077
[debug] [2026-09-16T04:50:10.214Z] >>> [apiv2][query] POST https://cloudresourcemanager.googleapis.com/v1/projects/ssc-courses:testIamPermissions [none]
[debug] [2026-09-16T04:50:10.215Z] >>> [apiv2][(partial)header] POST https://cloudresourcemanager.googleapis.com/v1/projects/ssc-courses:testIamPermissions  x-goog-user-project=ssc-courses
[debug] [2026-09-16T04:50:10.215Z] >>> [apiv2][body] POST https://cloudresourcemanager.googleapis.com/v1/projects/ssc-courses:testIamPermissions {"permissions":["firebase.projects.get"]}
[debug] [2026-09-16T04:50:11.965Z] <<< [apiv2][status] POST https://cloudresourcemanager.googleapis.com/v1/projects/ssc-courses:testIamPermissions 200
[debug] [2026-09-16T04:50:11.966Z] <<< [apiv2][body] POST https://cloudresourcemanager.googleapis.com/v1/projects/ssc-courses:testIamPermissions {"permissions":["firebase.projects.get"]}
[debug] [2026-09-16T04:50:11.969Z] Checked if tokens are valid: true, expires at: 1789537340077
[debug] [2026-09-16T04:50:11.970Z] Checked if tokens are valid: true, expires at: 1789537340077
[debug] [2026-09-16T04:50:11.971Z] Checked if tokens are valid: true, expires at: 1789537340077
[debug] [2026-09-16T04:50:11.972Z] Checked if tokens are valid: true, expires at: 1789537340077
[debug] [2026-09-16T04:50:11.972Z] >>> [apiv2][query] GET https://serviceusage.googleapis.com/v1/projects/ssc-courses/services/cloudfunctions.googleapis.com [none]
[debug] [2026-09-16T04:50:11.973Z] >>> [apiv2][(partial)header] GET https://serviceusage.googleapis.com/v1/projects/ssc-courses/services/cloudfunctions.googleapis.com  x-goog-user-project=ssc-courses
[debug] [2026-09-16T04:50:11.978Z] >>> [apiv2][query] GET https://serviceusage.googleapis.com/v1/projects/ssc-courses/services/runtimeconfig.googleapis.com [none]
[debug] [2026-09-16T04:50:11.978Z] >>> [apiv2][(partial)header] GET https://serviceusage.googleapis.com/v1/projects/ssc-courses/services/runtimeconfig.googleapis.com  x-goog-user-project=ssc-courses
[debug] [2026-09-16T04:50:14.072Z] <<< [apiv2][status] GET https://serviceusage.googleapis.com/v1/projects/ssc-courses/services/cloudfunctions.googleapis.com 200
[debug] [2026-09-16T04:50:14.073Z] <<< [apiv2][body] GET https://serviceusage.googleapis.com/v1/projects/ssc-courses/services/cloudfunctions.googleapis.com [omitted]
[debug] [2026-09-16T04:50:14.075Z] Checked if tokens are valid: true, expires at: 1789537340077
[debug] [2026-09-16T04:50:14.075Z] Checked if tokens are valid: true, expires at: 1789537340077
[debug] [2026-09-16T04:50:14.076Z] >>> [apiv2][query] POST https://serviceusage.googleapis.com/v1/projects/ssc-courses/services/cloudfunctions.googleapis.com:enable [none]
[debug] [2026-09-16T04:50:14.076Z] >>> [apiv2][(partial)header] POST https://serviceusage.googleapis.com/v1/projects/ssc-courses/services/cloudfunctions.googleapis.com:enable  x-goog-user-project=ssc-courses
[debug] [2026-09-16T04:50:14.152Z] <<< [apiv2][status] GET https://serviceusage.googleapis.com/v1/projects/ssc-courses/services/runtimeconfig.googleapis.com 200
[debug] [2026-09-16T04:50:14.152Z] <<< [apiv2][body] GET https://serviceusage.googleapis.com/v1/projects/ssc-courses/services/runtimeconfig.googleapis.com [omitted]
[debug] [2026-09-16T04:50:14.842Z] <<< [apiv2][status] POST https://serviceusage.googleapis.com/v1/projects/ssc-courses/services/cloudfunctions.googleapis.com:enable 200
[debug] [2026-09-16T04:50:14.843Z] <<< [apiv2][body] POST https://serviceusage.googleapis.com/v1/projects/ssc-courses/services/cloudfunctions.googleapis.com:enable [omitted]
[info] Let's create a new codebase for your functions.
[info] A directory corresponding to the codebase will be created in your project
[info] with sample code pre-configured.

[info] See https://firebase.google.com/docs/functions/organize-functions for
[info] more information on organizing your functions using codebases.

[info] Functions can be deployed with firebase deploy.

[info] ✔  Wrote functions/.eslintrc.js 
[info] ✔  Wrote functions/package.json 
[info] ✔  Wrote functions/index.js 
[info] ✔  Wrote functions/.gitignore 
[debug] [2026-09-16T04:52:58.500Z] ExitPromptError: User force closed the prompt with SIGINT
    at Interface.sigint (/data/data/com.termux/files/usr/lib/node_modules/firebase-tools/node_modules/@inquirer/core/dist/commonjs/lib/create-prompt.js:101:37)
    at Interface.emit (node:events:509:28)
    at [_ttyWrite] [as _ttyWrite] (node:internal/readline/interface:1327:18)
    at ReadStream.onkeypress (node:internal/readline/interface:284:20)
    at ReadStream.emit (node:events:521:24)
    at emitKeys (node:internal/readline/utils:371:14)
    at emitKeys.next (<anonymous>)
    at ReadStream.onData (node:internal/readline/emitKeypressEvents:64:36)
    at ReadStream.emit (node:events:509:28)
    at addChunk (node:internal/streams/readable:563:12)
[error] 
[error] Error: An unexpected error has occurred.
